
  Hitters ─────────────────────────────────── │ Pitchers ───────────────────────────────────────
    Player              Team  Pts/G Slot Game │   Player              Team  Pts/G Slot Pos  Game
  ─────────────────────────────────────────── │ ────────────────────────────────────────────────
  ▸ Star Hitter         NYY   12.40 OF   ✓    │ ▸ Ace Arm             LAD   22.75 P    SP★  ✓   
  ▸ Locked Guy          LAD    7.25 C    🔒   │ ▸ Rel Iever           NYM    5.20 P    RP   ✓   
  ▸ Sat Today           BOS    9.00 OF   ❌   │ ················································
  [32m▸ Farm Hand           SEA    3.10 OF   ✓   [0m │   Bench Arm           CHC    8.10      RP       
  ··········································· │                                                 
    Bench Bat           TEX    4.50      ✓    │                                                 
  ─────────────────────────────────────────── │ ────────────────────────────────────────────────
    Total                     31.75           │   Total                     27.95               

  Combined Expected           59.70
