
  ╔══════════════════════════════════════════════════════════════════════════════════════════════╗
  ║  Sat Jul 25 (today)                                                                          ║
  ╚══════════════════════════════════════════════════════════════════════════════════════════════╝

  Hitters ─────────────────────────────────── │ Pitchers ───────────────────────────────────────
    Player              Team  Pts/G Slot Game │   Player              Team  Pts/G Slot Pos  Game
  ─────────────────────────────────────────── │ ────────────────────────────────────────────────
  ▸ Star Hitter         NYY   12.40 OF   ✓    │ ▸ Ace Arm             LAD   22.75 P    SP★  ✓   
  ▸ Locked Guy          LAD    7.25 C    🔒   │ ▸ Rel Iever           NYM    5.20 P    RP   ✓   
  ▸ Sat Today           BOS    9.00 OF   ❌    │ ················································
  [32m▸ Farm Hand           SEA    3.10 OF   ✓   [0m │   Bench Arm           CHC    8.10      RP       
  ··········································· │                                                 
    Bench Bat           TEX    4.50      ✓    │                                                 
  ─────────────────────────────────────────── │ ────────────────────────────────────────────────
    Total                     31.75           │   Total                     27.95               
                                              │ GS: 5/12 used (7 rem, 0.0 future)               

  Combined Expected           59.70

  Hitter Pipeline ───────────────────────────────────────────────────────────╮
  Player                       Base   Mix    Blend  Platoon   Opp SP    Final│
  ───────────────────────────────────────────────────────────────────────────╯
  Star Hitter                 10.00   72%  [32m  +1.00[0m  [32m  +0.80[0m  [31m  -0.40[0m    12.40
  Farm Hand                    3.10  [90m100%[0m  [90m      -[0m  [90m      -[0m  [90m      -[0m     3.10

  Pitcher Pipeline ──────────────────────────────────────────────────────────╮
  Player                       Base   Mix    Blend              Gate    Final│
  ───────────────────────────────────────────────────────────────────────────╯
  Ace Arm                     20.00   55%  [32m  +2.75[0m           [90m      -[0m    22.75
